------------------------------------------------------------
Timing Analyzer Summary
------------------------------------------------------------

Type  : Slow 1100mV 85C Model Setup 'clock'
Slack : -7.718
TNS   : -805.614

Type  : Slow 1100mV 85C Model Hold 'clock'
Slack : 0.294
TNS   : 0.000

Type  : Slow 1100mV 85C Model Minimum Pulse Width 'clock'
Slack : -0.724
TNS   : -192.609

Type  : Slow 1100mV 0C Model Setup 'clock'
Slack : -7.478
TNS   : -790.092

Type  : Slow 1100mV 0C Model Hold 'clock'
Slack : 0.278
TNS   : 0.000

Type  : Slow 1100mV 0C Model Minimum Pulse Width 'clock'
Slack : -0.724
TNS   : -192.356

Type  : Fast 1100mV 85C Model Setup 'clock'
Slack : -2.670
TNS   : -239.274

Type  : Fast 1100mV 85C Model Hold 'clock'
Slack : 0.144
TNS   : 0.000

Type  : Fast 1100mV 85C Model Minimum Pulse Width 'clock'
Slack : -0.092
TNS   : -14.973

Type  : Fast 1100mV 0C Model Setup 'clock'
Slack : -2.340
TNS   : -204.560

Type  : Fast 1100mV 0C Model Hold 'clock'
Slack : 0.133
TNS   : 0.000

Type  : Fast 1100mV 0C Model Minimum Pulse Width 'clock'
Slack : -0.091
TNS   : -15.076

------------------------------------------------------------
