------------------------------------------------------------
TimeQuest Timing Analyzer Summary
------------------------------------------------------------

Type  : Slow 1100mV 85C Model Setup 'clock'
Slack : -1.113
TNS   : -9.438

Type  : Slow 1100mV 85C Model Setup 'read'
Slack : -0.677
TNS   : -1.909

Type  : Slow 1100mV 85C Model Hold 'read'
Slack : 0.390
TNS   : 0.000

Type  : Slow 1100mV 85C Model Hold 'clock'
Slack : 0.666
TNS   : 0.000

Type  : Slow 1100mV 85C Model Minimum Pulse Width 'clock'
Slack : -0.538
TNS   : -7.042

Type  : Slow 1100mV 85C Model Minimum Pulse Width 'read'
Slack : -0.538
TNS   : -4.619

Type  : Slow 1100mV 0C Model Setup 'clock'
Slack : -1.016
TNS   : -8.706

Type  : Slow 1100mV 0C Model Setup 'read'
Slack : -0.706
TNS   : -1.955

Type  : Slow 1100mV 0C Model Hold 'read'
Slack : 0.376
TNS   : 0.000

Type  : Slow 1100mV 0C Model Hold 'clock'
Slack : 0.718
TNS   : 0.000

Type  : Slow 1100mV 0C Model Minimum Pulse Width 'clock'
Slack : -0.538
TNS   : -7.087

Type  : Slow 1100mV 0C Model Minimum Pulse Width 'read'
Slack : -0.538
TNS   : -4.874

Type  : Fast 1100mV 85C Model Setup 'clock'
Slack : 0.094
TNS   : 0.000

Type  : Fast 1100mV 85C Model Setup 'read'
Slack : 0.164
TNS   : 0.000

Type  : Fast 1100mV 85C Model Hold 'read'
Slack : 0.183
TNS   : 0.000

Type  : Fast 1100mV 85C Model Hold 'clock'
Slack : 0.302
TNS   : 0.000

Type  : Fast 1100mV 85C Model Minimum Pulse Width 'clock'
Slack : -0.093
TNS   : -0.821

Type  : Fast 1100mV 85C Model Minimum Pulse Width 'read'
Slack : -0.089
TNS   : -0.512

Type  : Fast 1100mV 0C Model Setup 'clock'
Slack : 0.152
TNS   : 0.000

Type  : Fast 1100mV 0C Model Setup 'read'
Slack : 0.206
TNS   : 0.000

Type  : Fast 1100mV 0C Model Hold 'read'
Slack : 0.172
TNS   : 0.000

Type  : Fast 1100mV 0C Model Hold 'clock'
Slack : 0.295
TNS   : 0.000

Type  : Fast 1100mV 0C Model Minimum Pulse Width 'clock'
Slack : -0.094
TNS   : -0.832

Type  : Fast 1100mV 0C Model Minimum Pulse Width 'read'
Slack : -0.092
TNS   : -0.540

------------------------------------------------------------
